
> web@0.1.0 build C:\Users\nn\OneDrive\Documents\Projects\CSSL Projects\Genzipher-Web
> next build

node.exe :  ÔÜá Warning: Next.js inferred your workspace root, but it may not be correct.
At C:\Users\nn\AppData\Roaming\npm\pnpm.ps1:24 char:5
+     & "node$exe"  "$basedir/node_modules/pnpm/bin/pnpm.cjs" $args
+     ~~~~~~~~~~~~~~~~~~~~~~~~~~~~~~~~~~~~~~~~~~~~~~~~~~~~~~~~~~~~~
    + CategoryInfo          : NotSpecified: ( ÔÜá Warning: N...not be correct.:String) [], RemoteException
    + FullyQualifiedErrorId : NativeCommandError
 
 We detected multiple lockfiles and selected the directory of C:\Users\nn\pnpm-lock.yaml as the root 
directory.
 To silence this warning, set `outputFileTracingRoot` in your Next.js config, or consider removing one of 
the lockfiles if it's not needed.
   See https://nextjs.org/docs/app/api-reference/config/next-config-js/output#caveats for more information.
 Detected additional lockfiles: 
   * C:\Users\nn\OneDrive\Documents\Projects\CSSL Projects\Genzipher-Web\pnpm-lock.yaml

   Ôû▓ Next.js 15.5.6

   Creating an optimized production build ...
 Ô£ô Compiled successfully in 24.1s
   Linting and checking validity of types ...
